Archive member included to satisfy reference by file (symbol)

/home/book/100ask_imx6ull-sdk/ToolChain/arm-buildroot-linux-gnueabihf_sdk-buildroot/bin/../lib/gcc/arm-buildroot-linux-gnueabihf/7.5.0/libgcc.a(_udivsi3.o)
                              arch/arm/cpu/armv7/built-in.o (__aeabi_uidiv)
/home/book/100ask_imx6ull-sdk/ToolChain/arm-buildroot-linux-gnueabihf_sdk-buildroot/bin/../lib/gcc/arm-buildroot-linux-gnueabihf/7.5.0/libgcc.a(_divsi3.o)
                              arch/arm/cpu/armv7/built-in.o (__aeabi_idiv)
/home/book/100ask_imx6ull-sdk/ToolChain/arm-buildroot-linux-gnueabihf_sdk-buildroot/bin/../lib/gcc/arm-buildroot-linux-gnueabihf/7.5.0/libgcc.a(_dvmd_lnx.o)
                              /home/book/100ask_imx6ull-sdk/ToolChain/arm-buildroot-linux-gnueabihf_sdk-buildroot/bin/../lib/gcc/arm-buildroot-linux-gnueabihf/7.5.0/libgcc.a(_udivsi3.o) (__aeabi_idiv0)

Discarded input sections

 .data          0x0000000000000000        0x0 arch/arm/cpu/armv7/start.o
 .bss           0x0000000000000000        0x0 arch/arm/cpu/armv7/start.o
 .text.v7_arch_cp15_set_l2aux_ctrl
                0x0000000000000000        0x8 arch/arm/cpu/armv7/built-in.o
 .text.v7_arch_cp15_set_acr
                0x0000000000000000        0x8 arch/arm/cpu/armv7/built-in.o
 .text.sdelay   0x0000000000000000        0xc arch/arm/cpu/armv7/built-in.o
 .text.wait_on_value
                0x0000000000000000       0x34 arch/arm/cpu/armv7/built-in.o
 .text.get_nr_cpus
                0x0000000000000000       0x10 arch/arm/cpu/armv7/built-in.o
 .text.board_mmc_get_env_dev
                0x0000000000000000        0x8 arch/arm/cpu/armv7/built-in.o
 .text.get_boot_device
                0x0000000000000000       0x9c arch/arm/cpu/armv7/built-in.o
 .text.enable_uart_clk
                0x0000000000000000       0x54 arch/arm/cpu/armv7/built-in.o
 .text.enable_usdhc_clk
                0x0000000000000000       0x4c arch/arm/cpu/armv7/built-in.o
 .text.enable_spi_clk
                0x0000000000000000       0x44 arch/arm/cpu/armv7/built-in.o
 .text.enable_lvds_bridge
                0x0000000000000000      0x1d8 arch/arm/cpu/armv7/built-in.o
 .text.enable_ipu_clock
                0x0000000000000000       0x90 arch/arm/cpu/armv7/built-in.o
 .data          0x0000000000000000        0x0 arch/arm/cpu/armv7/built-in.o
 .bss           0x0000000000000000        0x0 arch/arm/cpu/armv7/built-in.o
 .text          0x0000000000000000        0x0 arch/arm/imx-common/built-in.o
 .text.imx_iomux_set_gpr_register
                0x0000000000000000       0x44 arch/arm/imx-common/built-in.o
 .text.get_imx_reset_cause
                0x0000000000000000       0x10 arch/arm/imx-common/built-in.o
 .text.set_chipselect_size
                0x0000000000000000       0x7c arch/arm/imx-common/built-in.o
 .text.usec2ticks
                0x0000000000000000       0x64 arch/arm/imx-common/built-in.o
 .rodata.set_chipselect_size.str1.1
                0x0000000000000000       0x1e arch/arm/imx-common/built-in.o
 .data          0x0000000000000000        0x0 arch/arm/imx-common/built-in.o
 .bss           0x0000000000000000        0x0 arch/arm/imx-common/built-in.o
 .text.reset_misc
                0x0000000000000000        0x4 arch/arm/lib/built-in.o
 .text.enable_caches
                0x0000000000000000        0xc arch/arm/lib/built-in.o
 .text.invalidate_dcache_range
                0x0000000000000000        0x4 arch/arm/lib/built-in.o
 .text.flush_dcache_range
                0x0000000000000000        0x4 arch/arm/lib/built-in.o
 .text.flush_dcache_all
                0x0000000000000000        0xc arch/arm/lib/built-in.o
 .text.arm_init_before_mmu
                0x0000000000000000        0x4 arch/arm/lib/built-in.o
 .text.mmu_page_table_flush
                0x0000000000000000        0x4 arch/arm/lib/built-in.o
 .rodata.enable_caches.str1.1
                0x0000000000000000       0x1d arch/arm/lib/built-in.o
 .data          0x0000000000000000        0x0 arch/arm/lib/built-in.o
 .__secure_end  0x0000000000000000        0x0 arch/arm/lib/built-in.o
 .__secure_start
                0x0000000000000000        0x0 arch/arm/lib/built-in.o
 .bss           0x0000000000000000        0x0 arch/arm/lib/built-in.o
 .text          0x0000000000000000        0x0 board/freescale/common/built-in.o
 .text.mmc_map_to_kernel_blk
                0x0000000000000000        0x4 board/freescale/common/built-in.o
 .data          0x0000000000000000        0x0 board/freescale/common/built-in.o
 .bss           0x0000000000000000        0x0 board/freescale/common/built-in.o
 .text          0x0000000000000000        0x0 board/freescale/mx6ull_alientek_emmc/built-in.o
 .data          0x0000000000000000        0x0 board/freescale/mx6ull_alientek_emmc/built-in.o
 .bss           0x0000000000000000        0x0 board/freescale/mx6ull_alientek_emmc/built-in.o
 .text          0x0000000000000000        0x0 cmd/built-in.o
 .text.bootz_setup
                0x0000000000000000       0x18 cmd/built-in.o
[...]
Memory Configuration

Name             Origin             Length             Attributes
*default*        0x0000000000000000 0xffffffffffffffff

Linker script and memory map

Address of section .text set to 0x87800000
                0x0000000000000000                . = 0x0
                0x0000000000000000                . = ALIGN (0x4)

.text           0x0000000087800000    0x3ef04
 *(.__image_copy_start)
 .__image_copy_start
                0x0000000087800000        0x0 arch/arm/lib/built-in.o
                0x0000000087800000                __image_copy_start
 *(.vectors)
 .vectors       0x0000000087800000      0x2e8 arch/arm/lib/built-in.o
                0x0000000087800000                _start
                0x0000000087800020                _undefined_instruction
                0x0000000087800024                _software_interrupt
                0x0000000087800028                _prefetch_abort
                0x000000008780002c                _data_abort
                0x0000000087800030                _not_used
                0x0000000087800034                _irq
                0x0000000087800038                _fiq
                0x0000000087800040                IRQ_STACK_START_IN
 arch/arm/cpu/armv7/start.o(.text*)
 .text          0x00000000878002e8       0xb0 arch/arm/cpu/armv7/start.o
                0x00000000878002e8                reset
                0x00000000878002ec                save_boot_params_ret
                0x0000000087800328                c_runtime_cpu_setup
                0x0000000087800338                save_boot_params
                0x000000008780033c                cpu_init_cp15
                0x0000000087800390                cpu_init_crit
 *(.text*)
 .text          0x0000000087800398       0x24 arch/arm/cpu/armv7/built-in.o
                0x0000000087800398                lowlevel_init
 .text.v7_maint_dcache_all
                0x00000000878003bc      0x11c arch/arm/cpu/armv7/built-in.o
 .text.invalidate_icache_all
                0x00000000878004d8       0x18 arch/arm/cpu/armv7/built-in.o
                0x00000000878004d8                invalidate_icache_all
 .text.v7_outer_cache_enable
                0x00000000878004f0        0x4 arch/arm/cpu/armv7/built-in.o
                0x00000000878004f0                v7_outer_cache_enable
 .text.v7_outer_cache_disable
                0x00000000878004f4        0x4 arch/arm/cpu/armv7/built-in.o
                0x00000000878004f4                v7_outer_cache_disable
 .text.v7_outer_cache_flush_all
                0x00000000878004f8        0x4 arch/arm/cpu/armv7/built-in.o
                0x00000000878004f8                v7_outer_cache_flush_all
 .text.flush_dcache_all
                0x00000000878004fc       0x14 arch/arm/cpu/armv7/built-in.o
                0x00000000878004fc                flush_dcache_all
 .text.v7_outer_cache_inval_all
                0x0000000087800510        0x4 arch/arm/cpu/armv7/built-in.o
                0x0000000087800510                v7_outer_cache_inval_all
 .text.invalidate_dcache_all
                0x0000000087800514       0x14 arch/arm/cpu/armv7/built-in.o
                0x0000000087800514                invalidate_dcache_all
 .text.arm_init_before_mmu
                0x0000000087800528       0x28 arch/arm/cpu/armv7/built-in.o
                0x0000000087800528                arm_init_before_mmu
 .text.v7_outer_cache_flush_range
                0x0000000087800550        0x4 arch/arm/cpu/armv7/built-in.o
                0x0000000087800550                v7_outer_cache_flush_range
 .text.flush_dcache_range
                0x0000000087800554       0x38 arch/arm/cpu/armv7/built-in.o
                0x0000000087800554                flush_dcache_range
 .text.mmu_page_table_flush
                0x000000008780058c       0x24 arch/arm/cpu/armv7/built-in.o
                0x000000008780058c                mmu_page_table_flush
 .text.v7_outer_cache_inval_range
                0x00000000878005b0        0x4 arch/arm/cpu/armv7/built-in.o
                0x00000000878005b0                v7_outer_cache_inval_range
 .text.invalidate_dcache_range
                0x00000000878005b4       0xa8 arch/arm/cpu/armv7/built-in.o
                0x00000000878005b4                invalidate_dcache_range
 .text.cpu_cache_initialization
                0x000000008780065c        0x4 arch/arm/cpu/armv7/built-in.o
                0x000000008780065c                cpu_cache_initialization
 .text.cleanup_before_linux_select
                0x0000000087800660       0x4c arch/arm/cpu/armv7/built-in.o
                0x0000000087800660                cleanup_before_linux_select
 .text.cleanup_before_linux
                0x00000000878006ac        0x8 arch/arm/cpu/armv7/built-in.o
                0x00000000878006ac                cleanup_before_linux
 .text.get_cpu_rev
                0x00000000878006b4       0x90 arch/arm/cpu/armv7/built-in.o
                0x00000000878006b4                get_cpu_rev
 .text.get_cpu_speed_grade_hz
                0x0000000087800744      0x124 arch/arm/cpu/armv7/built-in.o
                0x0000000087800744                get_cpu_speed_grade_hz
 .text.get_cpu_temp_grade
                0x0000000087800868       0x68 arch/arm/cpu/armv7/built-in.o
                0x0000000087800868                get_cpu_temp_grade
 .text.get_board_rev
                0x00000000878008d0       0x40 arch/arm/cpu/armv7/built-in.o
                0x00000000878008d0                get_board_rev
 .text.arch_cpu_init
                0x0000000087800910      0x364 arch/arm/cpu/armv7/built-in.o
                0x0000000087800910                arch_cpu_init
 .text.mmc_get_env_dev
                0x0000000087800c74       0x28 arch/arm/cpu/armv7/built-in.o
                0x0000000087800c74                mmc_get_env_dev
 .text.board_mmc_get_env_part
                0x0000000087800c9c        0x8 arch/arm/cpu/armv7/built-in.o
                0x0000000087800c9c                board_mmc_get_env_part
 .text.mmc_get_env_part
                0x0000000087800ca4       0x28 arch/arm/cpu/armv7/built-in.o
                0x0000000087800ca4                mmc_get_env_part
 .text.board_postclk_init
                0x0000000087800ccc       0x70 arch/arm/cpu/armv7/built-in.o
                0x0000000087800ccc                board_postclk_init
 .text.imx_get_mac_from_fuse
                0x0000000087800d3c       0xb8 arch/arm/cpu/armv7/built-in.o
                0x0000000087800d3c                imx_get_mac_from_fuse
 .text.set_wdog_reset
                0x0000000087800df4       0x18 arch/arm/cpu/armv7/built-in.o
                0x0000000087800df4                set_wdog_reset
 .text.reset_misc
                0x0000000087800e0c        0x4 arch/arm/cpu/armv7/built-in.o
                0x0000000087800e0c                reset_misc
 .text.s_init   0x0000000087800e10       0xac arch/arm/cpu/armv7/built-in.o
                0x0000000087800e10                s_init
 .text.disable_lcdif_clock
                0x0000000087800ebc      0x1fc arch/arm/cpu/armv7/built-in.o
 .text.get_ipg_clk
                0x00000000878010b8       0x28 arch/arm/cpu/armv7/built-in.o
 .text.enable_pll_video.constprop.0
                0x00000000878010e0       0xec arch/arm/cpu/armv7/built-in.o
 .text.get_uart_clk
                0x00000000878011cc       0xd8 arch/arm/cpu/armv7/built-in.o
 .text.mxc_get_pll_pfd
                0x00000000878012a4       0xa8 arch/arm/cpu/armv7/built-in.o
 .text.get_usdhc_clk
                0x000000008780134c       0xb8 arch/arm/cpu/armv7/built-in.o
 .text.enable_ocotp_clk
                0x0000000087801404       0x24 arch/arm/cpu/armv7/built-in.o
                0x0000000087801404                enable_ocotp_clk
 .text.enable_usboh3_clk
                0x0000000087801428       0x24 arch/arm/cpu/armv7/built-in.o
                0x0000000087801428                enable_usboh3_clk
 .text.enable_enet_clk
                0x000000008780144c       0x64 arch/arm/cpu/armv7/built-in.o
                0x000000008780144c                enable_enet_clk
 .text.enable_i2c_clk
                0x00000000878014b0       0xd8 arch/arm/cpu/armv7/built-in.o
                0x00000000878014b0                enable_i2c_clk
 .text.get_periph_clk
                0x0000000087801588       0xc8 arch/arm/cpu/armv7/built-in.o
                0x0000000087801588                get_periph_clk
 .text.get_axi_clk
                0x0000000087801650       0x4c arch/arm/cpu/armv7/built-in.o
 .text.enable_lcdif_clock
                0x000000008780169c      0x258 arch/arm/cpu/armv7/built-in.o
                0x000000008780169c                enable_lcdif_clock
 .text.mxs_set_lcdclk
                0x00000000878018f4      0x390 arch/arm/cpu/armv7/built-in.o
                0x00000000878018f4                mxs_set_lcdclk
 .text.enable_qspi_clk
                0x0000000087801c84       0x98 arch/arm/cpu/armv7/built-in.o
                0x0000000087801c84                enable_qspi_clk
 .text.enable_fec_anatop_clock
                0x0000000087801d1c       0xe0 arch/arm/cpu/armv7/built-in.o
                0x0000000087801d1c                enable_fec_anatop_clock
 .text.imx_get_uartclk
                0x0000000087801dfc        0x4 arch/arm/cpu/armv7/built-in.o
                0x0000000087801dfc                imx_get_uartclk
 .text.enable_thermal_clk
                0x0000000087801e00       0x44 arch/arm/cpu/armv7/built-in.o
                0x0000000087801e00                enable_thermal_clk
 .text.mxc_get_clock
                0x0000000087801e44      0x4b8 arch/arm/cpu/armv7/built-in.o
                0x0000000087801e44                mxc_get_clock
 .text.imx_get_fecclk
                0x00000000878022fc        0x8 arch/arm/cpu/armv7/built-in.o
                0x00000000878022fc                imx_get_fecclk
 .text.do_mx6_showclocks
                0x0000000087802304      0x23c arch/arm/cpu/armv7/built-in.o
                0x0000000087802304                do_mx6_showclocks
 .text.imx_iomux_v3_setup_pad
                0x0000000087802540      0x128 arch/arm/imx-common/built-in.o
                0x0000000087802540                imx_iomux_v3_setup_pad
 .text.imx_iomux_v3_setup_multiple_pads
                0x0000000087802668       0x28 arch/arm/imx-common/built-in.o
                0x0000000087802668                imx_iomux_v3_setup_multiple_pads
 .text.imx_ddr_size
                0x0000000087802690       0x64 arch/arm/imx-common/built-in.o
                0x0000000087802690                imx_ddr_size
 .text.get_imx_type
                0x00000000878026f4       0x20 arch/arm/imx-common/built-in.o
                0x00000000878026f4                get_imx_type
 .text.print_cpuinfo
                0x0000000087802714      0x228 arch/arm/imx-common/built-in.o
                0x0000000087802714                print_cpuinfo
 .text.cpu_eth_init
                0x000000008780293c        0x4 arch/arm/imx-common/built-in.o
                0x000000008780293c                cpu_eth_init
 .text.cpu_mmc_init
                0x0000000087802940        0x4 arch/arm/imx-common/built-in.o
                0x0000000087802940                cpu_mmc_init
 .text.get_ahb_clk
                0x0000000087802944       0x24 arch/arm/imx-common/built-in.o
                0x0000000087802944                get_ahb_clk
 .text.arch_preboot_os
                0x0000000087802968        0x4 arch/arm/imx-common/built-in.o
                0x0000000087802968                arch_preboot_os
 .text.get_clocks
                0x000000008780296c       0x1c arch/arm/imx-common/built-in.o
                0x000000008780296c                get_clocks
 .text.force_idle_bus
                0x0000000087802988      0x1c4 arch/arm/imx-common/built-in.o
                0x0000000087802988                force_idle_bus
 .text.setup_i2c
                0x0000000087802b4c       0xdc arch/arm/imx-common/built-in.o
                0x0000000087802b4c                setup_i2c
 .text.mxs_wait_mask_set
                0x0000000087802c28       0x3c arch/arm/imx-common/built-in.o
                0x0000000087802c28                mxs_wait_mask_set
 .text.mxs_wait_mask_clr
                0x0000000087802c64       0x3c arch/arm/imx-common/built-in.o
                0x0000000087802c64                mxs_wait_mask_clr
 .text.mxs_reset_block
                0x0000000087802ca0       0x90 arch/arm/imx-common/built-in.o
                0x0000000087802ca0                mxs_reset_block
 .text.enable_caches
                0x0000000087802d30       0x34 arch/arm/imx-common/built-in.o
                0x0000000087802d30                enable_caches
 .text.init_aips
                0x0000000087802d64       0xc0 arch/arm/imx-common/built-in.o
                0x0000000087802d64                init_aips
 .text.imx_set_wdog_powerdown
                0x0000000087802e24       0xa0 arch/arm/imx-common/built-in.o
                0x0000000087802e24                imx_set_wdog_powerdown
 .text.init_src
                0x0000000087802ec4       0x18 arch/arm/imx-common/built-in.o
                0x0000000087802ec4                init_src
 .text.boot_mode_apply
                0x0000000087802edc       0x24 arch/arm/imx-common/built-in.o
                0x0000000087802edc                boot_mode_apply
 .text.board_video_skip
                0x0000000087802f00      0x1b0 arch/arm/imx-common/built-in.o
                0x0000000087802f00                board_video_skip
 .text.timer_init
                0x00000000878030b0       0x3c arch/arm/imx-common/built-in.o
                0x00000000878030b0                timer_init
 .text.get_ticks
                0x00000000878030ec       0x18 arch/arm/imx-common/built-in.o
                0x00000000878030ec                get_ticks
 .text.get_timer_masked
                0x0000000087803104       0x58 arch/arm/imx-common/built-in.o
                0x0000000087803104                get_timer_masked
 .text.get_timer
                0x000000008780315c       0x14 arch/arm/imx-common/built-in.o
                0x000000008780315c                get_timer
 .text.__udelay
                0x0000000087803170       0x90 arch/arm/imx-common/built-in.o
                0x0000000087803170                __udelay
 .text.get_tbclk
                0x0000000087803200        0x8 arch/arm/imx-common/built-in.o
                0x0000000087803200                get_tbclk
 .text.create_usage
                0x0000000087803208       0xa4 arch/arm/imx-common/built-in.o
 .text.do_boot_mode
                0x00000000878032ac       0xf0 arch/arm/imx-common/built-in.o
 .text.add_board_boot_modes
                0x000000008780339c       0x60 arch/arm/imx-common/built-in.o
                0x000000008780339c                add_board_boot_modes
 .text          0x00000000878033fc       0x90 arch/arm/lib/built-in.o
                0x00000000878033fc                _main
 .text.relocate_vectors
                0x000000008780348c       0x70 arch/arm/lib/built-in.o
                0x000000008780348c                relocate_vectors
                0x0000000087803498                relocate_code
 .text.arch_fixup_fdt
                0x00000000878034fc       0x34 arch/arm/lib/built-in.o
                0x00000000878034fc                arch_fixup_fdt
 .text.boot_jump_linux
                0x0000000087803530       0xc4 arch/arm/lib/built-in.o
 .text.arch_lmb_reserve
                0x00000000878035f4       0x24 arch/arm/lib/built-in.o
                0x00000000878035f4                arch_lmb_reserve
 .text.setup_board_tags
                0x0000000087803618        0x4 arch/arm/lib/built-in.o
                0x0000000087803618                setup_board_tags
 .text.boot_prep_linux
                0x000000008780361c      0x1b8 arch/arm/lib/built-in.o
 .text.do_bootm_linux
                0x00000000878037d4       0x58 arch/arm/lib/built-in.o
                0x00000000878037d4                do_bootm_linux
 .text.bootz_setup
                0x000000008780382c       0x58 arch/arm/lib/built-in.o
                0x000000008780382c                bootz_setup
 .text.boot_prep_vxworks
                0x0000000087803884       0x50 arch/arm/lib/built-in.o
                0x0000000087803884                boot_prep_vxworks
 .text.boot_jump_vxworks
                0x00000000878038d4        0xc arch/arm/lib/built-in.o
                0x00000000878038d4                boot_jump_vxworks
 .text.arch_reserve_stacks
                0x00000000878038e0       0x1c arch/arm/lib/built-in.o
                0x00000000878038e0                arch_reserve_stacks
 .text.interrupt_init
                0x00000000878038fc       0x1c arch/arm/lib/built-in.o
                0x00000000878038fc                interrupt_init
 .text.enable_interrupts
                0x0000000087803918        0x4 arch/arm/lib/built-in.o
                0x0000000087803918                enable_interrupts
 .text.disable_interrupts
                0x000000008780391c        0x8 arch/arm/lib/built-in.o
                0x000000008780391c                disable_interrupts
 .text.bad_mode
                0x0000000087803924       0x10 arch/arm/lib/built-in.o
                0x0000000087803924                bad_mode
 .text.show_regs
                0x0000000087803934      0x174 arch/arm/lib/built-in.o
                0x0000000087803934                show_regs
 .text.do_undefined_instruction
                0x0000000087803aa8       0x20 arch/arm/lib/built-in.o
                0x0000000087803aa8                do_undefined_instruction
 .text.do_software_interrupt
                0x0000000087803ac8       0x20 arch/arm/lib/built-in.o
                0x0000000087803ac8                do_software_interrupt
 .text.do_prefetch_abort
                0x0000000087803ae8       0x20 arch/arm/lib/built-in.o
                0x0000000087803ae8                do_prefetch_abort
 .text.do_data_abort
                0x0000000087803b08       0x20 arch/arm/lib/built-in.o
                0x0000000087803b08                do_data_abort
 .text.do_not_used
                0x0000000087803b28       0x20 arch/arm/lib/built-in.o
                0x0000000087803b28                do_not_used
 .text.do_fiq   0x0000000087803b48       0x20 arch/arm/lib/built-in.o
                0x0000000087803b48                do_fiq
 .text.do_irq   0x0000000087803b68       0x20 arch/arm/lib/built-in.o
                0x0000000087803b68                do_irq
 .text.do_reset
                0x0000000087803b88       0x30 arch/arm/lib/built-in.o
                0x0000000087803b88                do_reset
 .text.flush_cache
                0x0000000087803bb8        0x8 arch/arm/lib/built-in.o
                0x0000000087803bb8                flush_cache
 .text.cp_delay
                0x0000000087803bc0       0x30 arch/arm/lib/built-in.o
 .text.cache_disable
                0x0000000087803bf0       0x48 arch/arm/lib/built-in.o
 .text.arm_init_domains
                0x0000000087803c38        0x4 arch/arm/lib/built-in.o
                0x0000000087803c38                arm_init_domains
 .text.set_section_dcache
                0x0000000087803c3c       0x14 arch/arm/lib/built-in.o
                0x0000000087803c3c                set_section_dcache
 .text.mmu_set_region_dcache_behaviour
                0x0000000087803c50       0x4c arch/arm/lib/built-in.o
                0x0000000087803c50                mmu_set_region_dcache_behaviour
 .text.dram_bank_mmu_setup
                0x0000000087803c9c       0x40 arch/arm/lib/built-in.o
                0x0000000087803c9c                dram_bank_mmu_setup
 .text.icache_enable
                0x0000000087803cdc       0x18 arch/arm/lib/built-in.o
                0x0000000087803cdc                icache_enable
 .text.icache_disable
                0x0000000087803cf4        0x8 arch/arm/lib/built-in.o
                0x0000000087803cf4                icache_disable
 .text.icache_status
                0x0000000087803cfc        0xc arch/arm/lib/built-in.o
                0x0000000087803cfc                icache_status
 .text.dcache_enable
                0x0000000087803d08       0x78 arch/arm/lib/built-in.o
                0x0000000087803d08                dcache_enable
 .text.dcache_disable
                0x0000000087803d80        0x8 arch/arm/lib/built-in.o
                0x0000000087803d80                dcache_disable
 .text.dcache_status
                0x0000000087803d88        0xc arch/arm/lib/built-in.o
                0x0000000087803d88                dcache_status
 .text.board_late_mmc_env_init
                0x0000000087803d94       0x9c board/freescale/common/built-in.o
                0x0000000087803d94                board_late_mmc_env_init
 .text.do_enable_parallel_lcd
                0x0000000087803e30       0x4c board/freescale/mx6ull_alientek_emmc/built-in.o
                0x0000000087803e30                do_enable_parallel_lcd
 .text.power_init_board
                0x0000000087803e7c        0x8 board/freescale/mx6ull_alientek_emmc/built-in.o
                0x0000000087803e7c                power_init_board
 .text.dram_init
                0x0000000087803e84       0x18 board/freescale/mx6ull_alientek_emmc/built-in.o
                0x0000000087803e84                dram_init
 .text.board_mmc_get_env_dev
                0x0000000087803e9c        0x4 board/freescale/mx6ull_alientek_emmc/built-in.o
                0x0000000087803e9c                board_mmc_get_env_dev
 .text.mmc_map_to_kernel_blk
                0x0000000087803ea0        0x4 board/freescale/mx6ull_alientek_emmc/built-in.o
                0x0000000087803ea0                mmc_map_to_kernel_blk
 .text.board_mmc_getcd
                0x0000000087803ea4       0x44 board/freescale/mx6ull_alientek_emmc/built-in.o
                0x0000000087803ea4                board_mmc_getcd
 .text.board_mmc_init
                0x0000000087803ee8       0xd8 board/freescale/mx6ull_alientek_emmc/built-in.o
                0x0000000087803ee8                board_mmc_init
 .text.board_usb_phy_mode
                0x0000000087803fc0       0x14 board/freescale/mx6ull_alientek_emmc/built-in.o
                0x0000000087803fc0                board_usb_phy_mode
 .text.board_ehci_hcd_init
                0x0000000087803fd4       0x28 board/freescale/mx6ull_alientek_emmc/built-in.o
                0x0000000087803fd4                board_ehci_hcd_init
 .text.board_eth_init
                0x0000000087803ffc       0x60 board/freescale/mx6ull_alientek_emmc/built-in.o
                0x0000000087803ffc                board_eth_init
 .text.board_phy_config
                0x000000008780405c       0x4c board/freescale/mx6ull_alientek_emmc/built-in.o
                0x000000008780405c                board_phy_config
 .text.board_early_init_f
                0x00000000878040a8       0x1c board/freescale/mx6ull_alientek_emmc/built-in.o
                0x00000000878040a8                board_early_init_f
 .text.board_init
                0x00000000878040c4       0x94 board/freescale/mx6ull_alientek_emmc/built-in.o
                0x00000000878040c4                board_init
 .text.board_late_init
                0x0000000087804158       0x50 board/freescale/mx6ull_alientek_emmc/built-in.o
                0x0000000087804158                board_late_init
 .text.checkboard
                0x00000000878041a8       0x18 board/freescale/mx6ull_alientek_emmc/built-in.o
                0x00000000878041a8                checkboard
 .text.do_go_exec
                0x00000000878041c0       0x10 cmd/built-in.o
                0x00000000878041c0                do_go_exec
 .text.do_go    0x00000000878041d0       0x6c cmd/built-in.o
 .text.do_bootm
                0x000000008780423c      0x108 cmd/built-in.o
                0x000000008780423c                do_bootm
 .text.do_bootd
                0x0000000087804344       0x20 cmd/built-in.o
                0x0000000087804344                do_bootd
 .text.image_info
                0x0000000087804364       0xcc cmd/built-in.o
 .text.do_iminfo
                0x0000000087804430       0x54 cmd/built-in.o
 .text.bootm_maybe_autostart
                0x0000000087804484       0x78 cmd/built-in.o
                0x0000000087804484                bootm_maybe_autostart
 .text.do_bootz
                0x00000000878044fc       0xfc cmd/built-in.o
                0x00000000878044fc                do_bootz
 .text.do_help  0x00000000878045f8       0x44 cmd/built-in.o
 .text.do_version
                0x000000008780463c       0x38 cmd/built-in.o
 .text.source   0x0000000087804674       0xd8 cmd/built-in.o
                0x0000000087804674                source
 .text.do_source
                0x000000008780474c       0x48 cmd/built-in.o
 .text.print_num
                0x0000000087804794       0x14 cmd/built-in.o
 .text.do_bdinfo
                0x00000000878047a8      0x198 cmd/built-in.o
 .text.do_bmp   0x0000000087804940       0x58 cmd/built-in.o
 .text.do_bmp_info
                0x0000000087804998      0x10c cmd/built-in.o
 .text.bmp_display
                0x0000000087804aa4       0x50 cmd/built-in.o
                0x0000000087804aa4                bmp_display
 .text.do_bmp_display
                0x0000000087804af4       0xb8 cmd/built-in.o
 .text.parse_argv
                0x0000000087804bac       0x64 cmd/built-in.o
 .text.do_icache
                0x0000000087804c10       0x88 cmd/built-in.o
 .text.do_dcache
                0x0000000087804c98       0x88 cmd/built-in.o
 .text.do_coninfo
                0x0000000087804d20       0xb0 cmd/built-in.o
 .text.do_echo  0x0000000087804dd0       0xb4 cmd/built-in.o
 .text.load_elf_image_shdr
                0x0000000087804e84       0x8c cmd/built-in.o
 .text.valid_elf_image
                0x0000000087804f10       0x4c cmd/built-in.o
                0x0000000087804f10                valid_elf_image
 .text.do_bootelf
                0x0000000087804f5c      0x1bc cmd/built-in.o
                0x0000000087804f5c                do_bootelf
 .text.do_bootvx
                0x0000000087805118      0x334 cmd/built-in.o
                0x0000000087805118                do_bootvx
 .text.do_exit  0x000000008780544c       0x48 cmd/built-in.o
 .text.do_ext4_size
                0x0000000087805494       0x18 cmd/built-in.o
                0x0000000087805494                do_ext4_size
 .text.do_ext4_load
                0x00000000878054ac       0x18 cmd/built-in.o
                0x00000000878054ac                do_ext4_load
 .text.do_ext4_ls
                0x00000000878054c4       0x18 cmd/built-in.o
                0x00000000878054c4                do_ext4_ls
 .text.do_ext4_write
                0x00000000878054dc       0x18 cmd/built-in.o
                0x00000000878054dc                do_ext4_write
 .text.do_ext2load
                0x00000000878054f4       0x18 cmd/built-in.o
                0x00000000878054f4                do_ext2load
 .text.do_ext2ls
                0x000000008780550c       0x18 cmd/built-in.o
 .text.do_fat_size
                0x0000000087805524       0x18 cmd/built-in.o
                0x0000000087805524                do_fat_size
 .text.do_fat_fsload
                0x000000008780553c       0x18 cmd/built-in.o
                0x000000008780553c                do_fat_fsload
 .text.do_fat_ls
                0x0000000087805554       0x18 cmd/built-in.o
 .text.do_fat_fswrite
                0x000000008780556c      0x108 cmd/built-in.o
 .text.do_fat_fsinfo
                0x0000000087805674       0x8c cmd/built-in.o
 .text.fdt_valid
                0x0000000087805700       0xbc cmd/built-in.o
 .text.is_printable_string
                0x00000000878057bc       0x88 cmd/built-in.o
 .text.print_data
                0x0000000087805844      0x170 cmd/built-in.o
 .text.set_working_fdt_addr
                0x00000000878059b4       0x1c cmd/built-in.o
                0x00000000878059b4                set_working_fdt_addr
 .text.do_fdt   0x00000000878059d0      0xe24 cmd/built-in.o
 .text.do_flinfo
                0x00000000878067f4        0x8 cmd/built-in.o
 .text.do_protect
                0x00000000878067fc       0x10 cmd/built-in.o
 .text.do_flerase
                0x000000008780680c        0x8 cmd/built-in.o
 .text.do_size_wrapper
                0x0000000087806814       0x18 cmd/built-in.o
 .text.do_load_wrapper
                0x000000008780682c       0x18 cmd/built-in.o
 .text.do_save_wrapper
                0x0000000087806844       0x18 cmd/built-in.o
 .text.do_ls_wrapper
                0x000000008780685c       0x18 cmd/built-in.o
 .text.do_fstype_wrapper
                0x0000000087806874        0x4 cmd/built-in.o
 .text.strtou32
                0x0000000087806878       0x44 cmd/built-in.o
 .text.do_fuse  0x00000000878068bc      0x364 cmd/built-in.o
 .text.name_to_gpio
                0x0000000087806c20        0xc cmd/built-in.o
                0x0000000087806c20                name_to_gpio
 .text.do_gpio  0x0000000087806c2c      0x150 cmd/built-in.o
 .text.do_i2c   0x0000000087806d7c       0x68 cmd/built-in.o
 .text.do_i2c_bus_speed
                0x0000000087806de4       0x78 cmd/built-in.o
 .text.do_i2c_reset
                0x0000000087806e5c       0x2c cmd/built-in.o
 .text.do_i2c_probe
                0x0000000087806e88       0xa0 cmd/built-in.o
 .text.do_i2c_bus_num
                0x0000000087806f28       0xb8 cmd/built-in.o
 .text.do_i2c_show_bus
                0x0000000087806fe0       0xdc cmd/built-in.o
 .text.get_alen.constprop.5
                0x00000000878070bc       0x3c cmd/built-in.o
 .text.do_i2c_crc
                0x00000000878070f8      0x120 cmd/built-in.o
 .text.mod_i2c_mem.isra.3
                0x0000000087807218      0x1ec cmd/built-in.o
 .text.do_i2c_nm
                0x0000000087807404        0x8 cmd/built-in.o
 .text.do_i2c_mm
                0x000000008780740c        0x8 cmd/built-in.o
 .text.do_i2c_md
                0x0000000087807414      0x1e8 cmd/built-in.o
 .text.do_i2c_read
                0x00000000878075fc       0xbc cmd/built-in.o
 .text.do_i2c_mw
                0x00000000878076b8       0xf8 cmd/built-in.o
 .text.do_i2c_write
                0x00000000878077b0      0x144 cmd/built-in.o
 .text.do_i2c_loop
                0x00000000878078f4       0xec cmd/built-in.o
 .text.i2c_init_board
                0x00000000878079e0        0x4 cmd/built-in.o
                0x00000000878079e0                i2c_init_board
 .text.evalexp  0x00000000878079e4       0x78 cmd/built-in.o
 .text.evalstr  0x0000000087807a5c       0x64 cmd/built-in.o
 .text.binary_test
                0x0000000087807ac0      0x1c0 cmd/built-in.o
 .text.do_itest
                0x0000000087807c80       0x88 cmd/built-in.o
 .text.bin_data_init
                0x0000000087807d08       0x2c cmd/built-in.o
 .text.k_data_save
                0x0000000087807d34       0x4c cmd/built-in.o
 .text.k_data_restore
                0x0000000087807d80       0x4c cmd/built-in.o
 .text.getcxmodem
                0x0000000087807dcc       0x20 cmd/built-in.o
 .text.load_serial_ymodem
                0x0000000087807dec       0xc8 cmd/built-in.o
 .text.bin_data_char
                0x0000000087807eb4       0x2c cmd/built-in.o
 .text.chk1.constprop.2
                0x0000000087807ee0       0x30 cmd/built-in.o
 .text.s1_sendpacket.constprop.3
                0x0000000087807f10       0x4c cmd/built-in.o
 .text.load_serial
                0x0000000087807f5c      0x1d8 cmd/built-in.o
 .text.do_load_serial
                0x0000000087808134       0xdc cmd/built-in.o
 .text.do_load_serial_bin
                0x0000000087808210      0x794 cmd/built-in.o
 .text.do_mem_mw
                0x00000000878089a4       0xc0 cmd/built-in.o
 .text.do_mem_loop
                0x0000000087808a64       0xec cmd/built-in.o
 .text.do_mem_md
                0x0000000087808b50       0xe8 cmd/built-in.o
 .text.do_mem_cmp
                0x0000000087808c38      0x154 cmd/built-in.o
 .text.do_mem_base
                0x0000000087808d8c       0x40 cmd/built-in.o
 .text.do_mem_cp
                0x0000000087808dcc       0xd8 cmd/built-in.o
 .text.do_mem_crc
                0x0000000087808ea4       0x48 cmd/built-in.o
 .text.do_mem_mtest
                0x0000000087808eec      0x224 cmd/built-in.o
 .text.mod_mem.isra.0
                0x0000000087809110      0x170 cmd/built-in.o
 .text.do_mem_mm
                0x0000000087809280        0x8 cmd/built-in.o
 .text.do_mem_nm
                0x0000000087809288        0x8 cmd/built-in.o
 .text.extract_range
                0x0000000087809290       0xe4 cmd/built-in.o
 .text.do_mii   0x0000000087809374      0x8f8 cmd/built-in.o
 .text.do_mdio  0x0000000087809c6c      0x4e8 cmd/built-in.o
 .text.do_sleep
                0x000000008780a154       0x70 cmd/built-in.o
 .text.do_mmcops
                0x000000008780a1c4       0xb8 cmd/built-in.o
 .text.init_mmc_device
                0x000000008780a27c       0x50 cmd/built-in.o
 .text.do_mmc_rescan
                0x000000008780a2cc       0x24 cmd/built-in.o
 .text.do_mmc_rst_func
                0x000000008780a2f0       0x9c cmd/built-in.o
 .text.do_mmc_partconf
                0x000000008780a38c       0xb0 cmd/built-in.o
 .text.do_mmc_boot_resize
                0x000000008780a43c       0xc8 cmd/built-in.o
 .text.do_mmc_bootbus
                0x000000008780a504       0xb0 cmd/built-in.o
 .text.do_mmc_hwpartition
                0x000000008780a5b4      0x50c cmd/built-in.o
 .text.do_mmc_list
                0x000000008780aac0       0x14 cmd/built-in.o
 .text.do_mmc_dev
                0x000000008780aad4      0x128 cmd/built-in.o
 .text.do_mmc_erase
                0x000000008780abfc       0xe8 cmd/built-in.o
 .text.do_mmc_write
                0x000000008780ace4      0x100 cmd/built-in.o
 .text.do_mmc_read
                0x000000008780ade4       0xec cmd/built-in.o
 .text.do_mmcinfo
                0x000000008780aed0      0x36c cmd/built-in.o
 .text.do_mmc_setdsr
                0x000000008780b23c       0xa8 cmd/built-in.o
 .text.do_mmc_part
                0x000000008780b2e4       0x5c cmd/built-in.o
 .text.netboot_common
                0x000000008780b340      0x298 cmd/built-in.o
 .text.do_bootp
                0x000000008780b5d8        0xc cmd/built-in.o
 .text.do_dhcp  0x000000008780b5e4        0xc cmd/built-in.o
 .text.do_nfs   0x000000008780b5f0        0xc cmd/built-in.o
 .text.do_tftpb
                0x000000008780b5fc       0x40 cmd/built-in.o
                0x000000008780b5fc                do_tftpb
 .text.do_ping  0x000000008780b63c       0x78 cmd/built-in.o
 .text.bytes_per_second
                0x000000008780b6b4       0x50 cmd/built-in.o
 .text.do_spi_flash
                0x000000008780b704      0x84c cmd/built-in.o
 .text.substitute
                0x000000008780bf50       0xf0 cmd/built-in.o
 .text.get_arg  0x000000008780c040       0x58 cmd/built-in.o
 .text.regex_sub.part.1
                0x000000008780c098      0x47c cmd/built-in.o
 .text.do_setexpr
                0x000000008780c514      0x194 cmd/built-in.o
 .text.do_false
                0x000000008780c6a8        0x8 cmd/built-in.o
 .text.do_true  0x000000008780c6b0        0x8 cmd/built-in.o
 .text.do_test  0x000000008780c6b8      0x328 cmd/built-in.o
 .text.usb_get_class_desc
                0x000000008780c9e0       0xbc cmd/built-in.o
 .text.usb_find_device
                0x000000008780ca9c       0x3c cmd/built-in.o
 .text.usb_show_tree_graph
                0x000000008780cad8      0x230 cmd/built-in.o
 .text.usb_display_class_sub
                0x000000008780cd08      0x170 cmd/built-in.o
 .text.usb_display_string
                0x000000008780ce78       0x44 cmd/built-in.o
 .text.usb_display_config
                0x000000008780cebc      0x210 cmd/built-in.o
 .text.do_usbboot
                0x000000008780d0cc        0xc cmd/built-in.o
 .text.usb_display_desc.part.1
                0x000000008780d0d8      0x12c cmd/built-in.o
 .text.do_usb_start
                0x000000008780d204       0x38 cmd/built-in.o
 .text.usb_show_tree
                0x000000008780d23c       0x54 cmd/built-in.o
                0x000000008780d23c                usb_show_tree
 .text.do_usb   0x000000008780d290      0x734 cmd/built-in.o
 .text.do_imgextract
                0x000000008780d9c4      0x284 cmd/built-in.o
 .text.do_env_delete
                0x000000008780dc48       0xa0 cmd/built-in.o
 .text.do_env_exists
                0x000000008780dce8       0x64 cmd/built-in.o
 .text.do_env_save
                0x000000008780dd4c       0x2c cmd/built-in.o
 .text.do_env   0x000000008780dd78       0x68 cmd/built-in.o
 .text.env_print
                0x000000008780dde0       0xc4 cmd/built-in.o
 .text.do_env_print
                0x000000008780dea4       0xc0 cmd/built-in.o
 .text.do_env_import
                0x000000008780df64      0x280 cmd/built-in.o
 .text.do_env_default
                0x000000008780e1e4       0x9c cmd/built-in.o
 .text._do_env_set.isra.0
                0x000000008780e280      0x1b4 cmd/built-in.o
 .text.do_env_set
                0x000000008780e434       0x20 cmd/built-in.o
 .text.get_env_id
                0x000000008780e454       0x10 cmd/built-in.o
                0x000000008780e454                get_env_id
 .text.setenv   0x000000008780e464       0x60 cmd/built-in.o
                0x000000008780e464                setenv
 .text.setenv_ulong
                0x000000008780e4c4       0x20 cmd/built-in.o
                0x000000008780e4c4                setenv_ulong
 .text.setenv_hex
                0x000000008780e4e4       0x34 cmd/built-in.o
                0x000000008780e4e4                setenv_hex
 .text.do_env_export
                0x000000008780e518      0x248 cmd/built-in.o
 .text.envmatch
                0x000000008780e760       0x68 cmd/built-in.o
                0x000000008780e760                envmatch
 .text.getenv_f
                0x000000008780e7c8       0xc4 cmd/built-in.o
                0x000000008780e7c8                getenv_f
 .text.getenv   0x000000008780e88c       0x78 cmd/built-in.o
                0x000000008780e88c                getenv
 .text.getenv_hex
                0x000000008780e904       0x3c cmd/built-in.o
                0x000000008780e904                getenv_hex
 .text.getenv_ulong
                0x000000008780e940       0x30 cmd/built-in.o
                0x000000008780e940                getenv_ulong
 .text.do_env_edit.part.3
                0x000000008780e970       0xa4 cmd/built-in.o
 .text.do_env_edit
                0x000000008780ea14       0x2c cmd/built-in.o
 .text.common_diskboot
                0x000000008780ea40      0x238 cmd/built-in.o
                0x000000008780ea40                common_diskboot
 .text.board_init_f_alloc_reserve
                0x000000008780ec78       0x10 common/built-in.o
                0x000000008780ec78                board_init_f_alloc_reserve
 .text.board_init_f_init_reserve
                0x000000008780ec88       0x20 common/built-in.o
                0x000000008780ec88                board_init_f_init_reserve
 .text.show_boot_progress
                0x000000008780eca8        0x4 common/built-in.o
                0x000000008780eca8                show_boot_progress
 .text.main_loop
                0x000000008780ecac       0x20 common/built-in.o
                0x000000008780ecac                main_loop
 .text.dummy    0x000000008780eccc        0x4 common/built-in.o
 .text.get_version
                0x000000008780ecd0        0x8 common/built-in.o
                0x000000008780ecd0                get_version
 .text.jumptable_init
                0x000000008780ecd8      0x1e0 common/built-in.o
                0x000000008780ecd8                jumptable_init
 .text.hash_command
                0x000000008780eeb8       0xb0 common/built-in.o
                0x000000008780eeb8                hash_command
 .text.b_reset  0x000000008780ef68       0x1c common/built-in.o
 .text.static_get
                0x000000008780ef84       0x1c common/built-in.o
 .text.static_peek
                0x000000008780efa0        0xc common/built-in.o
 .text.mapset   0x000000008780efac       0x20 common/built-in.o
 .text.syntax_err
                0x000000008780efcc        0xc common/built-in.o
 .text.free_pipe_list
                0x000000008780efd8       0xe4 common/built-in.o
 .text.xmalloc  0x000000008780f0bc       0x20 common/built-in.o
 .text.new_pipe
                0x000000008780f0dc       0x28 common/built-in.o
 .text.xrealloc
                0x000000008780f104       0x20 common/built-in.o
 .text.done_command
                0x000000008780f124       0x88 common/built-in.o
 .text.done_pipe
                0x000000008780f1ac       0x48 common/built-in.o
 .text.done_word
                0x000000008780f1f4      0x2cc common/built-in.o
 .text.is_assignment
                0x000000008780f4c0       0x5c common/built-in.o
 .text.file_get
                0x000000008780f51c      0x1ec common/built-in.o
 .text.do_showvar
                0x000000008780f708      0x100 common/built-in.o
 .text.b_addchr
                0x000000008780f808       0x80 common/built-in.o
 .text.b_addqchr
                0x000000008780f888       0x50 common/built-in.o
 .text.file_peek
                0x000000008780f8d8        0xc common/built-in.o
 .text.get_local_var
                0x000000008780f8e4       0x94 common/built-in.o
                0x000000008780f8e4                get_local_var
 .text.set_local_var
                0x000000008780f978      0x1a8 common/built-in.o
                0x000000008780f978                set_local_var
 .text.insert_var_value_sub
                0x000000008780fb20      0x2b8 common/built-in.o
 .text.parse_string_outer
                0x000000008780fdd8       0xe8 common/built-in.o
                0x000000008780fdd8                parse_string_outer
 .text.run_list_real
                0x000000008780fec0      0x7b0 common/built-in.o
 .text.parse_stream_outer
                0x0000000087810670      0x6c0 common/built-in.o
 .text.parse_file_outer
                0x0000000087810d30       0x44 common/built-in.o
                0x0000000087810d30                parse_file_outer
 .text.u_boot_hush_start
                0x0000000087810d74       0x54 common/built-in.o
                0x0000000087810d74                u_boot_hush_start
 .text.bootdelay_process
                0x0000000087810dc8       0xd0 common/built-in.o
                0x0000000087810dc8                bootdelay_process
 .text.autoboot_command
                0x0000000087810e98       0xd4 common/built-in.o
                0x0000000087810e98                autoboot_command
 .text.display_text_info
                0x0000000087810f6c        0x8 common/built-in.o
 .text.setup_mon_len
                0x0000000087810f74       0x20 common/built-in.o
 .text.reserve_round_4k
                0x0000000087810f94       0x18 common/built-in.o
 .text.reserve_mmu
                0x0000000087810fac       0x38 common/built-in.o
 .text.reserve_uboot
                0x0000000087810fe4       0x30 common/built-in.o
 .text.reserve_malloc
                0x0000000087811014       0x18 common/built-in.o
 .text.reserve_global_data
                0x000000008781102c       0x1c common/built-in.o
 .text.reserve_fdt
                0x0000000087811048       0x4c common/built-in.o
 .text.arch_cpu_init_dm
                0x0000000087811094        0x8 common/built-in.o
                0x0000000087811094                arch_cpu_init_dm
 .text.announce_dram_init
                0x000000008781109c       0x18 common/built-in.o
 .text.init_func_i2c
                0x00000000878110b4       0x28 common/built-in.o
 .text.init_baud_rate
                0x00000000878110dc       0x2c common/built-in.o
 .text.mark_bootstage
                0x0000000087811108       0x14 common/built-in.o
 .text.initf_dm
                0x000000008781111c        0x8 common/built-in.o
 .text.setup_reloc
                0x0000000087811124       0x40 common/built-in.o
 .text.reloc_fdt
                0x0000000087811164       0x44 common/built-in.o
 .text.reserve_board
                0x00000000878111a8       0x40 common/built-in.o
 .text.reserve_arch
                0x00000000878111e8        0x8 common/built-in.o
                0x00000000878111e8                reserve_arch
 .text.reserve_trace
                0x00000000878111f0        0x8 common/built-in.o
 .text.setup_machine
                0x00000000878111f8        0x8 common/built-in.o
 .text.display_new_sp
                0x0000000087811200        0x8 common/built-in.o
 .text.initf_console_record
                0x0000000087811208        0x8 common/built-in.o
 .text.coloured_LED_init
                0x0000000087811210        0x4 common/built-in.o
                0x0000000087811210                coloured_LED_init
 .text.red_led_on
                0x0000000087811214        0x4 common/built-in.o
                0x0000000087811214                red_led_on
 .text.board_add_ram_info
                0x0000000087811218        0x4 common/built-in.o
                0x0000000087811218                board_add_ram_info
 .text.show_dram_config
                0x000000008781121c       0x38 common/built-in.o
 .text.dram_init_banksize
                0x0000000087811254       0x20 common/built-in.o
                0x0000000087811254                dram_init_banksize
 .text.setup_dram_config
                0x0000000087811274       0x10 common/built-in.o
 .text.board_get_usable_ram_top
                0x0000000087811284       0x14 common/built-in.o
                0x0000000087811284                board_get_usable_ram_top
 .text.board_reserve_ram_top
                0x0000000087811298        0x4 common/built-in.o
                0x0000000087811298                board_reserve_ram_top
 .text.setup_dest_addr
                0x000000008781129c       0x4c common/built-in.o
 .text.reserve_stacks
                0x00000000878112e8       0x1c common/built-in.o
 .text.board_init_f
                0x0000000087811304       0x28 common/built-in.o
                0x0000000087811304                board_init_f
 .text.bootstage_relocate
                0x000000008781132c        0x8 common/built-in.o
 .text.initr_trace
                0x0000000087811334        0x8 common/built-in.o
 .text.initr_reloc
                0x000000008781133c       0x18 common/built-in.o
 .text.initr_reloc_global_data
                0x0000000087811354       0x28 common/built-in.o
 .text.run_main_loop
                0x000000008781137c        0xc common/built-in.o
 .text.initr_net
                0x0000000087811388       0x1c common/built-in.o
 .text.initr_ethaddr
                0x00000000878113a4       0x20 common/built-in.o
 .text.initr_enable_interrupts
                0x00000000878113c4       0x10 common/built-in.o
 .text.initr_jumptable
                0x00000000878113d4       0x10 common/built-in.o
 .text.initr_env
                0x00000000878113e4       0x30 common/built-in.o
 .text.initr_mmc
                0x0000000087811414       0x20 common/built-in.o
 .text.initr_serial
                0x0000000087811434       0x10 common/built-in.o
 .text.initr_bootstage
                0x0000000087811444       0x14 common/built-in.o
 .text.initr_dm
                0x0000000087811458       0x14 common/built-in.o
 .text.initr_malloc
                0x000000008781146c       0x24 common/built-in.o
 .text.initr_caches
                0x0000000087811490       0x10 common/built-in.o
 .text.initr_announce
                0x00000000878114a0        0x8 common/built-in.o
 .text.initr_barrier
                0x00000000878114a8        0x8 common/built-in.o
 .text.initr_console_record
                0x00000000878114b0        0x8 common/built-in.o
 .text.cpu_secondary_init_r
                0x00000000878114b8        0x4 common/built-in.o
                0x00000000878114b8                cpu_secondary_init_r
 .text.initr_secondary_cpu
                0x00000000878114bc       0x10 common/built-in.o
 .text.board_init_r
                0x00000000878114cc       0x14 common/built-in.o
                0x00000000878114cc                board_init_r
 .text.show_board_info
                0x00000000878114e0        0x4 common/built-in.o
                0x00000000878114e0                show_board_info
 .text.bootm_find_images
                0x00000000878114e4       0xa8 common/built-in.o
                0x00000000878114e4                bootm_find_images
 .text.bootm_decomp_image
                0x000000008781158c      0x140 common/built-in.o
                0x000000008781158c                bootm_decomp_image
 .text.bootm_disable_interrupts
                0x00000000878116cc       0x18 common/built-in.o
                0x00000000878116cc                bootm_disable_interrupts
 .text.do_bootm_states
                0x00000000878116e4      0x720 common/built-in.o
                0x00000000878116e4                do_bootm_states
 .text.copy_args
                0x0000000087811e04       0x4c common/built-in.o
 .text.do_bootm_rtems
                0x0000000087811e50       0x40 common/built-in.o
 .text.do_bootm_plan9
                0x0000000087811e90       0xa4 common/built-in.o
 .text.do_bootm_standalone
                0x0000000087811f34       0x64 common/built-in.o
 .text.do_bootm_qnxelf
                0x0000000087811f98       0x5c common/built-in.o
 .text.do_bootm_netbsd
                0x0000000087811ff4       0xf8 common/built-in.o
 .text.do_bootvx_fdt
                0x00000000878120ec      0x114 common/built-in.o
                0x00000000878120ec                do_bootvx_fdt
 .text.do_bootm_vxworks
                0x0000000087812200       0x24 common/built-in.o
 .text.boot_selected_os
                0x0000000087812224       0x58 common/built-in.o
                0x0000000087812224                boot_selected_os
 .text.bootm_os_get_boot_func
                0x000000008781227c       0x10 common/built-in.o
                0x000000008781227c                bootm_os_get_boot_func
 .text.regex_callback
                0x000000008781228c      0x130 common/built-in.o
 .text.env_attr_walk
                0x00000000878123bc      0x120 common/built-in.o
                0x00000000878123bc                env_attr_walk
 .text.env_attr_lookup
                0x00000000878124dc       0x84 common/built-in.o
                0x00000000878124dc                env_attr_lookup
 .text.clear_callback
                0x0000000087812560       0x10 common/built-in.o
 .text.find_env_callback
                0x0000000087812570       0x5c common/built-in.o
 .text.on_callbacks
                0x00000000878125cc       0x50 common/built-in.o
 .text.set_callback
                0x000000008781261c       0x9c common/built-in.o
 .text.env_callback_init
                0x00000000878126b8       0xc4 common/built-in.o
                0x00000000878126b8                env_callback_init
 .text.skip_num
                0x000000008781277c       0x6c common/built-in.o
 .text.clear_flags
                0x00000000878127e8       0x10 common/built-in.o
 .text.on_flags
                0x00000000878127f8       0x50 common/built-in.o
 .text.env_flags_parse_vartype
                0x0000000087812848       0x50 common/built-in.o
                0x0000000087812848                env_flags_parse_vartype
 .text.env_flags_parse_varaccess
                0x0000000087812898       0x50 common/built-in.o
                0x0000000087812898                env_flags_parse_varaccess
 .text.set_flags
                0x00000000878128e8       0xb0 common/built-in.o
 .text.eth_validate_ethaddr_str
                0x0000000087812998       0x94 common/built-in.o
                0x0000000087812998                eth_validate_ethaddr_str
 .text.env_flags_init
                0x0000000087812a2c       0xd8 common/built-in.o
                0x0000000087812a2c                env_flags_init
 .text.env_flags_validate
                0x0000000087812b04      0x288 common/built-in.o
                0x0000000087812b04                env_flags_validate
 .text.mmc_get_env_addr
                0x0000000087812d8c       0x10 common/built-in.o
                0x0000000087812d8c                mmc_get_env_addr
 .text.fini_mmc_for_env.isra.0
                0x0000000087812d9c       0x1c common/built-in.o
 .text.env_init
                0x0000000087812db8       0x1c common/built-in.o
                0x0000000087812db8                env_init
 .text.init_mmc_for_env
                0x0000000087812dd4       0x78 common/built-in.o
 .text.saveenv  0x0000000087812e4c      0x110 common/built-in.o
                0x0000000087812e4c                saveenv
 .text.env_relocate_spec
                0x0000000087812f5c       0xd8 common/built-in.o
                0x0000000087812f5c                env_relocate_spec
 .text.fdt_find_and_setprop
                0x0000000087813034       0x70 common/built-in.o
                0x0000000087813034                fdt_find_and_setprop
 .text.fdt_find_or_add_subnode
                0x00000000878130a4       0x60 common/built-in.o
                0x00000000878130a4                fdt_find_or_add_subnode
 .text.fdt_root
                0x0000000087813104       0x90 common/built-in.o
                0x0000000087813104                fdt_root
 .text.fdt_initrd
                0x0000000087813194      0x1d0 common/built-in.o
                0x0000000087813194                fdt_initrd
 .text.fdt_chosen
                0x0000000087813364       0xa8 common/built-in.o
                0x0000000087813364                fdt_chosen
 .text.do_fixup_by_path
                0x000000008781340c       0x54 common/built-in.o
                0x000000008781340c                do_fixup_by_path
 .text.fdt_fixup_memory_banks
                0x0000000087813460      0x1d8 common/built-in.o
                0x0000000087813460                fdt_fixup_memory_banks
 .text.fdt_fixup_memory
                0x0000000087813638       0x20 common/built-in.o
                0x0000000087813638                fdt_fixup_memory
 .text.fdt_fixup_ethernet
                0x0000000087813658      0x18c common/built-in.o
                0x0000000087813658                fdt_fixup_ethernet
 .text.fdt_shrink_to_minimum
                0x00000000878137e4       0xcc common/built-in.o
                0x00000000878137e4                fdt_shrink_to_minimum
 .text.miiphy_get_dev_by_name
                0x00000000878138b0       0x58 common/built-in.o
                0x00000000878138b0                miiphy_get_dev_by_name
 .text.miiphy_init
                0x0000000087813908       0x24 common/built-in.o
                0x0000000087813908                miiphy_init
 .text.mdio_alloc
                0x000000008781392c       0x30 common/built-in.o
                0x000000008781392c                mdio_alloc
 .text.mdio_register
                0x000000008781395c       0x88 common/built-in.o
                0x000000008781395c                mdio_register
 .text.mdio_unregister
                0x00000000878139e4       0x3c common/built-in.o
                0x00000000878139e4                mdio_unregister
 .text.mdio_list_devices
                0x0000000087813a20       0xac common/built-in.o
                0x0000000087813a20                mdio_list_devices
 .text.miiphy_set_current_dev
                0x0000000087813acc       0x40 common/built-in.o
                0x0000000087813acc                miiphy_set_current_dev
 .text.miiphy_get_active_dev
                0x0000000087813b0c       0x54 common/built-in.o
 .text.mdio_get_current_dev
                0x0000000087813b60       0x10 common/built-in.o
                0x0000000087813b60                mdio_get_current_dev
 .text.mdio_phydev_for_ethname
                0x0000000087813b70       0x88 common/built-in.o
                0x0000000087813b70                mdio_phydev_for_ethname
 .text.miiphy_get_current_dev
                0x0000000087813bf8       0x18 common/built-in.o
                0x0000000087813bf8                miiphy_get_current_dev
 .text.miiphy_read
                0x0000000087813c10       0x4c common/built-in.o
                0x0000000087813c10                miiphy_read
 .text.miiphy_write
                0x0000000087813c5c       0x40 common/built-in.o
                0x0000000087813c5c                miiphy_write
 .text.miiphy_listdev
                0x0000000087813c9c       0x78 common/built-in.o
                0x0000000087813c9c                miiphy_listdev
 .text.miiphy_info
                0x0000000087813d14       0x88 common/built-in.o
                0x0000000087813d14                miiphy_info
 .text.miiphy_speed
                0x0000000087813d9c       0x90 common/built-in.o
                0x0000000087813d9c                miiphy_speed
 .text.miiphy_duplex
                0x0000000087813e2c       0x90 common/built-in.o
                0x0000000087813e2c                miiphy_duplex
 .text.miiphy_is_1000base_x
                0x0000000087813ebc        0x8 common/built-in.o
                0x0000000087813ebc                miiphy_is_1000base_x
 .text.usb_set_maxpacket_ep
                0x0000000087813ec4       0x78 common/built-in.o
 .text.usb_stop
                0x0000000087813f3c       0x80 common/built-in.o
                0x0000000087813f3c                usb_stop
 .text.usb_disable_asynch
                0x0000000087813fbc       0x20 common/built-in.o
                0x0000000087813fbc                usb_disable_asynch
 .text.usb_control_msg
                0x0000000087813fdc       0xbc common/built-in.o
                0x0000000087813fdc                usb_control_msg
 .text.usb_get_descriptor
                0x0000000087814098       0x58 common/built-in.o
 .text.get_descriptor_len
                0x00000000878140f0       0x90 common/built-in.o
 .text.usb_get_string
                0x0000000087814180       0x78 common/built-in.o
 .text.usb_string_sub
                0x00000000878141f8      0x104 common/built-in.o
 .text.usb_bulk_msg
                0x00000000878142fc       0x70 common/built-in.o
                0x00000000878142fc                usb_bulk_msg
 .text.usb_maxpacket
                0x000000008781436c       0x18 common/built-in.o
                0x000000008781436c                usb_maxpacket
 .text.usb_clear_halt
                0x0000000087814384       0x90 common/built-in.o
                0x0000000087814384                usb_clear_halt
 .text.usb_get_configuration_len
                0x0000000087814414       0x74 common/built-in.o
                0x0000000087814414                usb_get_configuration_len
 .text.usb_get_configuration_no
                0x0000000087814488       0x34 common/built-in.o
                0x0000000087814488                usb_get_configuration_no
 .text.usb_set_interface
                0x00000000878144bc       0xb4 common/built-in.o
                0x00000000878144bc                usb_set_interface
 .text.usb_string
                0x0000000087814570      0x104 common/built-in.o
                0x0000000087814570                usb_string
 .text.usb_get_dev_index
                0x0000000087814674       0x24 common/built-in.o
                0x0000000087814674                usb_get_dev_index
 .text.usb_alloc_new_device
                0x0000000087814698       0x8c common/built-in.o
                0x0000000087814698                usb_alloc_new_device
 .text.usb_free_device
                0x0000000087814724       0x48 common/built-in.o
                0x0000000087814724                usb_free_device
 .text.usb_alloc_device
                0x000000008781476c        0x8 common/built-in.o
                0x000000008781476c                usb_alloc_device
 .text.usb_select_config
                0x0000000087814774      0x450 common/built-in.o
                0x0000000087814774                usb_select_config
 .text.usb_setup_device
                0x0000000087814bc4      0x198 common/built-in.o
                0x0000000087814bc4                usb_setup_device
 .text.usb_new_device
                0x0000000087814d5c       0x30 common/built-in.o
                0x0000000087814d5c                usb_new_device
 .text.usb_init
                0x0000000087814d8c      0x174 common/built-in.o
                0x0000000087814d8c                usb_init
 .text.usb_device_has_child_on_port
                0x0000000087814f00       0x14 common/built-in.o
                0x0000000087814f00                usb_device_has_child_on_port
 .text.usb_find_usb2_hub_address_port
                0x0000000087814f14       0x5c common/built-in.o
                0x0000000087814f14                usb_find_usb2_hub_address_port
 .text.usb_set_port_feature
                0x0000000087814f70       0x4c common/built-in.o
 .text.usb_clear_port_feature
                0x0000000087814fbc       0x4c common/built-in.o
 .text.usb_get_hub_descriptor
                0x0000000087815008       0x4c common/built-in.o
 .text.usb_hub_power_on
                0x0000000087815054       0x6c common/built-in.o
 .text.usb_hub_reset_devices
                0x00000000878150c0        0x4 common/built-in.o
                0x00000000878150c0                usb_hub_reset_devices
 .text.usb_get_port_status
                0x00000000878150c4       0x4c common/built-in.o
                0x00000000878150c4                usb_get_port_status
 .text.usb_hub_reset
                0x0000000087815110       0x14 common/built-in.o
                0x0000000087815110                usb_hub_reset
 .text.legacy_hub_port_reset
                0x0000000087815124       0xa0 common/built-in.o
                0x0000000087815124                legacy_hub_port_reset
 .text.usb_hub_port_connect_change
                0x00000000878151c4      0x160 common/built-in.o
                0x00000000878151c4                usb_hub_port_connect_change
 .text.usb_hub_configure
                0x0000000087815324      0x2cc common/built-in.o
 .text.usb_hub_probe
                0x00000000878155f0       0x54 common/built-in.o
                0x00000000878155f0                usb_hub_probe
 .text.usb_stor_irq
                0x0000000087815644       0x1c common/built-in.o
 .text.usb_stor_BBB_reset
                0x0000000087815660       0xd8 common/built-in.o
 .text.usb_stor_CB_reset
                0x0000000087815738       0xd0 common/built-in.o
 .text.usb_stor_BBB_clear_endpt_stall.isra.0
                0x0000000087815808       0x40 common/built-in.o
 .text.usb_stor_BBB_transport
                0x0000000087815848      0x264 common/built-in.o
 .text.usb_stor_CB_comdat
                0x0000000087815aac      0x210 common/built-in.o
 .text.usb_stor_CBI_get_status.isra.2
                0x0000000087815cbc       0xcc common/built-in.o
 .text.usb_stor_CB_transport
                0x0000000087815d88      0x1fc common/built-in.o
 .text.usb_request_sense.constprop.8
                0x0000000087815f84       0x70 common/built-in.o
 .text.usb_stor_read
                0x0000000087815ff4      0x168 common/built-in.o
 .text.usb_stor_write
                0x000000008781615c      0x168 common/built-in.o
 .text.usb_stor_get_dev
                0x00000000878162c4       0x28 common/built-in.o
                0x00000000878162c4                usb_stor_get_dev
 .text.usb_stor_info
                0x00000000878162ec       0x78 common/built-in.o
                0x00000000878162ec                usb_stor_info
 .text.usb_storage_probe
                0x0000000087816364      0x204 common/built-in.o
                0x0000000087816364                usb_storage_probe
 .text.usb_stor_get_info
                0x0000000087816568      0x320 common/built-in.o
                0x0000000087816568                usb_stor_get_info
 .text.usb_stor_scan
                0x0000000087816888      0x1e4 common/built-in.o
                0x0000000087816888                usb_stor_scan
 .text.splash_screen_prepare
                0x0000000087816a6c        0x8 common/built-in.o
                0x0000000087816a6c                splash_screen_prepare
 .text.splash_get_pos
                0x0000000087816a74       0x88 common/built-in.o
                0x0000000087816a74                splash_get_pos
 .text.env_get_char_spec
                0x0000000087816afc        0xc common/built-in.o
                0x0000000087816afc                env_get_char_spec
 .text.env_get_addr
                0x0000000087816b08       0x20 common/built-in.o
                0x0000000087816b08                env_get_addr
 .text.env_get_char_memory
                0x0000000087816b28       0x10 common/built-in.o
                0x0000000087816b28                env_get_char_memory
 .text.env_get_char
                0x0000000087816b38       0x30 common/built-in.o
                0x0000000087816b38                env_get_char
 .text.getenv_yesno
                0x0000000087816b68       0x3c common/built-in.o
                0x0000000087816b68                getenv_yesno
 .text.getenv_default
                0x0000000087816ba4       0x30 common/built-in.o
                0x0000000087816ba4                getenv_default
 .text.set_default_env
                0x0000000087816bd4       0xc0 common/built-in.o
                0x0000000087816bd4                set_default_env
 .text.set_default_vars
                0x0000000087816c94       0x3c common/built-in.o
                0x0000000087816c94                set_default_vars
 .text.env_import
                0x0000000087816cd0       0xdc common/built-in.o
                0x0000000087816cd0                env_import
 .text.env_export
                0x0000000087816dac       0xa0 common/built-in.o
                0x0000000087816dac                env_export
 .text.env_relocate
                0x0000000087816e4c       0x2c common/built-in.o
                0x0000000087816e4c                env_relocate
 .text.env_complete
                0x0000000087816e78       0xdc common/built-in.o
                0x0000000087816e78                env_complete
 .text.console_setfile
                0x0000000087816f54       0xb8 common/built-in.o
 .text.serial_printf
                0x000000008781700c       0x44 common/built-in.o
                0x000000008781700c                serial_printf
 .text.fgetc    0x0000000087817050       0x24 common/built-in.o
                0x0000000087817050                fgetc
 .text.getc     0x0000000087817074       0x24 common/built-in.o
                0x0000000087817074                getc
 .text.ftstc    0x0000000087817098       0x24 common/built-in.o
                0x0000000087817098                ftstc
 .text.tstc     0x00000000878170bc       0x24 common/built-in.o
                0x00000000878170bc                tstc
 .text.fputc    0x00000000878170e0       0x1c common/built-in.o
                0x00000000878170e0                fputc
 .text.putc     0x00000000878170fc       0x28 common/built-in.o
                0x00000000878170fc                putc
 .text.fputs    0x0000000087817124       0x1c common/built-in.o
                0x0000000087817124                fputs
 .text.puts     0x0000000087817140       0x28 common/built-in.o
                0x0000000087817140                puts
 .text.ctrlc    0x0000000087817168       0x58 common/built-in.o
                0x0000000087817168                ctrlc
 .text.confirm_yesno
                0x00000000878171c0       0xcc common/built-in.o
                0x00000000878171c0                confirm_yesno
 .text.had_ctrlc
                0x000000008781728c       0x10 common/built-in.o
                0x000000008781728c                had_ctrlc
 .text.clear_ctrlc
                0x000000008781729c       0x14 common/built-in.o
                0x000000008781729c                clear_ctrlc
 .text.search_device
                0x00000000878172b0       0x28 common/built-in.o
                0x00000000878172b0                search_device
 .text.console_assign
                0x00000000878172d8       0x40 common/built-in.o
                0x00000000878172d8                console_assign
 .text.on_console
                0x0000000087817318       0xb8 common/built-in.o
 .text.console_init_f
                0x00000000878173d0       0x10 common/built-in.o
                0x00000000878173d0                console_init_f
 .text.stdio_print_current_devices
                0x00000000878173e0       0xb0 common/built-in.o
                0x00000000878173e0                stdio_print_current_devices
 .text.console_init_r
                0x0000000087817490      0x17c common/built-in.o
                0x0000000087817490                console_init_r
 .text.sbrk     0x000000008781760c       0x6c common/built-in.o
                0x000000008781760c                sbrk
 .text.mem_malloc_init
                0x0000000087817678       0x34 common/built-in.o
                0x0000000087817678                mem_malloc_init
 .text.malloc_trim
                0x00000000878176ac       0xd0 common/built-in.o
                0x00000000878176ac                malloc_trim
 .text.free     0x000000008781777c      0x240 common/built-in.o
                0x000000008781777c                free
 .text.malloc   0x00000000878179bc      0x614 common/built-in.o
                0x00000000878179bc                malloc
 .text.calloc   0x0000000087817fd0      0x140 common/built-in.o
                0x0000000087817fd0                calloc
 .text.realloc  0x0000000087818110      0x428 common/built-in.o
                0x0000000087818110                realloc
 .text.memalign
                0x0000000087818538      0x138 common/built-in.o
                0x0000000087818538                memalign
 .text.initf_malloc
                0x0000000087818670       0x18 common/built-in.o
                0x0000000087818670                initf_malloc
 .text.malloc_simple
                0x0000000087818688       0x30 common/built-in.o
                0x0000000087818688                malloc_simple
 .text.on_loadaddr
                0x00000000878186b8       0x40 common/built-in.o
 .text.image_check_hcrc
                0x00000000878186f8       0x4c common/built-in.o
                0x00000000878186f8                image_check_hcrc
 .text.image_check_dcrc
                0x0000000087818744       0x38 common/built-in.o
                0x0000000087818744                image_check_dcrc
 .text.image_multi_count
                0x000000008781877c       0x1c common/built-in.o
                0x000000008781877c                image_multi_count
 .text.image_multi_getimg
                0x0000000087818798       0x80 common/built-in.o
                0x0000000087818798                image_multi_getimg
 .text.getenv_bootm_low
                0x0000000087818818       0x30 common/built-in.o
                0x0000000087818818                getenv_bootm_low
 .text.getenv_bootm_size
                0x0000000087818848       0x68 common/built-in.o
                0x0000000087818848                getenv_bootm_size
 .text.getenv_bootm_mapsize
                0x00000000878188b0       0x30 common/built-in.o
                0x00000000878188b0                getenv_bootm_mapsize
 .text.memmove_wd
                0x00000000878188e0        0xc common/built-in.o
                0x00000000878188e0                memmove_wd
 .text.genimg_print_size
                0x00000000878188ec       0x30 common/built-in.o
                0x00000000878188ec                genimg_print_size
 .text.get_table_entry
                0x000000008781891c       0x24 common/built-in.o
                0x000000008781891c                get_table_entry
 .text.get_table_entry_name
                0x0000000087818940       0x20 common/built-in.o
                0x0000000087818940                get_table_entry_name
 .text.genimg_get_os_name
                0x0000000087818960       0x18 common/built-in.o
                0x0000000087818960                genimg_get_os_name
 .text.genimg_get_arch_name
                0x0000000087818978       0x18 common/built-in.o
                0x0000000087818978                genimg_get_arch_name
 .text.genimg_get_type_name
                0x0000000087818990       0x18 common/built-in.o
                0x0000000087818990                genimg_get_type_name
 .text.genimg_get_comp_name
                0x00000000878189a8       0x18 common/built-in.o
                0x00000000878189a8                genimg_get_comp_name
 .text.image_print_contents
                0x00000000878189c0      0x17c common/built-in.o
                0x00000000878189c0                image_print_contents
 .text.genimg_get_kernel_addr_fit
                0x0000000087818b3c       0x24 common/built-in.o
                0x0000000087818b3c                genimg_get_kernel_addr_fit
 .text.genimg_get_format
                0x0000000087818b60       0x34 common/built-in.o
                0x0000000087818b60                genimg_get_format
 .text.genimg_get_image
                0x0000000087818b94        0x4 common/built-in.o
                0x0000000087818b94                genimg_get_image
 .text.genimg_has_config
                0x0000000087818b98        0x8 common/built-in.o
                0x0000000087818b98                genimg_has_config
 .text.boot_get_ramdisk
                0x0000000087818ba0      0x270 common/built-in.o
                0x0000000087818ba0                boot_get_ramdisk
 .text.boot_ramdisk_high
                0x0000000087818e10      0x130 common/built-in.o
                0x0000000087818e10                boot_ramdisk_high
 .text.boot_get_setup
                0x0000000087818f40        0x8 common/built-in.o
                0x0000000087818f40                boot_get_setup
 .text.image_setup_linux
                0x0000000087818f48       0x88 common/built-in.o
                0x0000000087818f48                image_setup_linux
 .text.fdt_error
                0x0000000087818fd0       0x2c common/built-in.o
 .text.boot_fdt_add_mem_rsv_regions
                0x0000000087818ffc       0x8c common/built-in.o
                0x0000000087818ffc                boot_fdt_add_mem_rsv_regions
 .text.boot_relocate_fdt
                0x0000000087819088      0x194 common/built-in.o
                0x0000000087819088                boot_relocate_fdt
 .text.boot_get_fdt
                0x000000008781921c      0x28c common/built-in.o
                0x000000008781921c                boot_get_fdt
 .text.ft_verify_fdt
                0x00000000878194a8        0x8 common/built-in.o
                0x00000000878194a8                ft_verify_fdt
 .text.image_setup_libfdt
                0x00000000878194b0       0xfc common/built-in.o
                0x00000000878194b0                image_setup_libfdt
 .text.get_effective_memsize
                0x00000000878195ac        0x8 common/built-in.o
                0x00000000878195ac                get_effective_memsize
 .text.nulldev_putc
                0x00000000878195b4        0x4 common/built-in.o
 .text.nulldev_puts
                0x00000000878195b8        0x4 common/built-in.o
 .text.nulldev_input
                0x00000000878195bc        0x8 common/built-in.o
 .text.stdio_serial_tstc
                0x00000000878195c4        0x4 common/built-in.o
 .text.stdio_serial_getc
                0x00000000878195c8        0x4 common/built-in.o
 .text.stdio_serial_puts
                0x00000000878195cc        0x8 common/built-in.o
 .text.stdio_serial_putc
                0x00000000878195d4        0x8 common/built-in.o
 .text.stdio_get_list
                0x00000000878195dc        0xc common/built-in.o
                0x00000000878195dc                stdio_get_list
 .text.stdio_get_by_name
                0x00000000878195e8       0x4c common/built-in.o
                0x00000000878195e8                stdio_get_by_name
 .text.stdio_clone
                0x0000000087819634       0x38 common/built-in.o
                0x0000000087819634                stdio_clone
 .text.stdio_register_dev
                0x000000008781966c       0x50 common/built-in.o
                0x000000008781966c                stdio_register_dev
 .text.stdio_register
                0x00000000878196bc        0x8 common/built-in.o
                0x00000000878196bc                stdio_register
 .text.stdio_init_tables
                0x00000000878196c4       0x1c common/built-in.o
                0x00000000878196c4                stdio_init_tables
 .text.stdio_add_devices
                0x00000000878196e0       0xd4 common/built-in.o
                0x00000000878196e0                stdio_add_devices
 .text.run_command
                0x00000000878197b4       0x10 common/built-in.o
                0x00000000878197b4                run_command
 .text.run_command_list
                0x00000000878197c4       0x7c common/built-in.o
                0x00000000878197c4                run_command_list
 .text.do_run   0x0000000087819840       0x74 common/built-in.o
                0x0000000087819840                do_run
 .text.cli_loop
                0x00000000878198b4        0xc common/built-in.o
                0x00000000878198b4                cli_loop
 .text.cli_init
                0x00000000878198c0        0x4 common/built-in.o
                0x00000000878198c0                cli_init
 .text.delete_char.part.0
                0x00000000878198c4       0xd0 common/built-in.o
 .text.cread_add_char
                0x0000000087819994       0xe4 common/built-in.o
 .text.cli_readline_into_buffer
                0x0000000087819a78      0x98c common/built-in.o
                0x0000000087819a78                cli_readline_into_buffer
 .text.cli_readline
                0x000000008781a404       0x14 common/built-in.o
                0x000000008781a404                cli_readline
 .text.find_cmd_tbl
                0x000000008781a418       0xa4 common/built-in.o
                0x000000008781a418                find_cmd_tbl
 .text.find_cmd
                0x000000008781a4bc       0x28 common/built-in.o
                0x000000008781a4bc                find_cmd
 .text.cmd_usage
                0x000000008781a4e4       0x5c common/built-in.o
                0x000000008781a4e4                cmd_usage
 .text._do_help
                0x000000008781a540      0x184 common/built-in.o
                0x000000008781a540                _do_help
 .text.var_complete
                0x000000008781a6c4       0x88 common/built-in.o
                0x000000008781a6c4                var_complete
 .text.cmd_auto_complete
                0x000000008781a74c      0x4c4 common/built-in.o
                0x000000008781a74c                cmd_auto_complete
 .text.cmd_get_data_size
                0x000000008781ac10       0x50 common/built-in.o
                0x000000008781ac10                cmd_get_data_size
 .text.cmd_process
                0x000000008781ac60       0xec common/built-in.o
                0x000000008781ac60                cmd_process
 .text.cmd_process_error
                0x000000008781ad4c       0x30 common/built-in.o
                0x000000008781ad4c                cmd_process_error
 .text.hex1_bin
                0x000000008781ad7c       0x40 common/built-in.o
 .text.hex2_bin
                0x000000008781adbc       0x38 common/built-in.o
 .text.srec_decode
                0x000000008781adf4      0x244 common/built-in.o
                0x000000008781adf4                srec_decode
 .text.CYGACC_COMM_IF_GETC_TIMEOUT.isra.0
                0x000000008781b038       0x5c common/built-in.o
 .text.xyzModem_flush
                0x000000008781b094       0x1c common/built-in.o
 .text.xyzModem_get_hdr
                0x000000008781b0b0      0x218 common/built-in.o
 .text.xyzModem_stream_open
                0x000000008781b2c8      0x214 common/built-in.o
                0x000000008781b2c8                xyzModem_stream_open
 .text.xyzModem_stream_read
                0x000000008781b4dc      0x25c common/built-in.o
                0x000000008781b4dc                xyzModem_stream_read
 .text.xyzModem_stream_close
                0x000000008781b738       0x54 common/built-in.o
                0x000000008781b738                xyzModem_stream_close
 .text.xyzModem_stream_terminate
                0x000000008781b78c       0x94 common/built-in.o
                0x000000008781b78c                xyzModem_stream_terminate
 .text.xyzModem_error
                0x000000008781b820       0x1c common/built-in.o
                0x000000008781b820                xyzModem_error
 .text.get_dev_hwpart.part.0
                0x000000008781b83c       0x98 disk/built-in.o
 .text.dev_print
                0x000000008781b8d4      0x228 disk/built-in.o
                0x000000008781b8d4                dev_print
 .text.init_part
                0x000000008781bafc       0x20 disk/built-in.o
                0x000000008781bafc                init_part
 .text.print_part
                0x000000008781bb1c       0xf4 disk/built-in.o
                0x000000008781bb1c                print_part
 .text.get_partition_info
                0x000000008781bc10       0x2c disk/built-in.o
                0x000000008781bc10                get_partition_info
 .text.get_device
                0x000000008781bc3c      0x138 disk/built-in.o
                0x000000008781bc3c                get_device
 .text.get_device_and_partition
                0x000000008781bd74      0x3ec disk/built-in.o
                0x000000008781bd74                get_device_and_partition
 .text.test_block_type
                0x000000008781c160       0x84 disk/built-in.o
 .text.print_partition_extended
                0x000000008781c1e4      0x274 disk/built-in.o
 .text.get_partition_info_extended.constprop.1
                0x000000008781c458      0x2e4 disk/built-in.o
 .text.test_part_dos
                0x000000008781c73c       0x60 disk/built-in.o
                0x000000008781c73c                test_part_dos
 .text.print_part_dos
                0x000000008781c79c       0x34 disk/built-in.o
                0x000000008781c79c                print_part_dos
 .text.get_partition_info_dos
                0x000000008781c7d0       0x20 disk/built-in.o
                0x000000008781c7d0                get_partition_info_dos
 .text.alloc_priv
                0x000000008781c7f0       0x44 drivers/built-in.o
 .text.device_bind
                0x000000008781c834      0x304 drivers/built-in.o
                0x000000008781c834                device_bind
 .text.device_bind_by_name
                0x000000008781cb38       0x60 drivers/built-in.o
                0x000000008781cb38                device_bind_by_name
 .text.device_probe
                0x000000008781cb98      0x21c drivers/built-in.o
                0x000000008781cb98                device_probe
 .text.dev_get_platdata
                0x000000008781cdb4       0x30 drivers/built-in.o
                0x000000008781cdb4                dev_get_platdata
 .text.dev_get_priv
                0x000000008781cde4       0x30 drivers/built-in.o
                0x000000008781cde4                dev_get_priv
 .text.lists_driver_lookup_name
                0x000000008781ce14       0x48 drivers/built-in.o
                0x000000008781ce14                lists_driver_lookup_name
 .text.lists_uclass_lookup
                0x000000008781ce5c       0x38 drivers/built-in.o
                0x000000008781ce5c                lists_uclass_lookup
 .text.lists_bind_drivers
                0x000000008781ce94       0x8c drivers/built-in.o
                0x000000008781ce94                lists_bind_drivers
 .text.dm_root  0x000000008781cf20       0x2c drivers/built-in.o
                0x000000008781cf20                dm_root
 .text.dm_init  0x000000008781cf4c       0x58 drivers/built-in.o
                0x000000008781cf4c                dm_init
 .text.dm_scan_platdata
                0x000000008781cfa4       0x2c drivers/built-in.o
                0x000000008781cfa4                dm_scan_platdata
 .text.dm_scan_other
                0x000000008781cfd0        0x8 drivers/built-in.o
                0x000000008781cfd0                dm_scan_other
 .text.dm_init_and_scan
                0x000000008781cfd8       0x30 drivers/built-in.o
                0x000000008781cfd8                dm_init_and_scan
 .text.uclass_find
                0x000000008781d008       0x4c drivers/built-in.o
                0x000000008781d008                uclass_find
 .text.uclass_get
                0x000000008781d054      0x118 drivers/built-in.o
                0x000000008781d054                uclass_get
 .text.uclass_find_device
                0x000000008781d16c       0x74 drivers/built-in.o
                0x000000008781d16c                uclass_find_device
 .text.uclass_find_device_by_seq
                0x000000008781d1e0       0x7c drivers/built-in.o
                0x000000008781d1e0                uclass_find_device_by_seq
 .text.uclass_get_device_tail
                0x000000008781d25c       0x30 drivers/built-in.o
                0x000000008781d25c                uclass_get_device_tail
 .text.uclass_get_device
                0x000000008781d28c       0x30 drivers/built-in.o
                0x000000008781d28c                uclass_get_device
 .text.uclass_bind_device
                0x000000008781d2bc       0x7c drivers/built-in.o
                0x000000008781d2bc                uclass_bind_device
 .text.uclass_unbind_device
                0x000000008781d338       0x4c drivers/built-in.o
                0x000000008781d338                uclass_unbind_device
 .text.uclass_resolve_seq
                0x000000008781d384       0xb4 drivers/built-in.o
                0x000000008781d384                uclass_resolve_seq
 .text.uclass_pre_probe_device
                0x000000008781d438       0x60 drivers/built-in.o
                0x000000008781d438                uclass_pre_probe_device
 .text.uclass_post_probe_device
                0x000000008781d498       0x20 drivers/built-in.o
                0x000000008781d498                uclass_post_probe_device
 .text.uclass_pre_remove_device
                0x000000008781d4b8       0x20 drivers/built-in.o
                0x000000008781d4b8                uclass_pre_remove_device
 .text.dm_warn  0x000000008781d4d8       0x28 drivers/built-in.o
                0x000000008781d4d8                dm_warn
 .text.device_free
                0x000000008781d500       0x90 drivers/built-in.o
                0x000000008781d500                device_free
 .text.device_remove
                0x000000008781d590      0x128 drivers/built-in.o
                0x000000008781d590                device_remove
 .text.show_devices
                0x000000008781d6b8      0x100 drivers/built-in.o
 .text.dm_dump_all
                0x000000008781d7b8       0x3c drivers/built-in.o
                0x000000008781d7b8                dm_dump_all
 .text.dm_dump_uclass
                0x000000008781d7f4       0xec drivers/built-in.o
                0x000000008781d7f4                dm_dump_uclass
 .text.finish_access
                0x000000008781d8e0       0x2c drivers/built-in.o
 .text.setup_direct_access
                0x000000008781d90c      0x11c drivers/built-in.o
 .text.prepare_access
                0x000000008781da28       0xcc drivers/built-in.o
 .text.fuse_bank_physical
                0x000000008781daf4       0xcc drivers/built-in.o
                0x000000008781daf4                fuse_bank_physical
 .text.fuse_word_physical
                0x000000008781dbc0       0x40 drivers/built-in.o
                0x000000008781dbc0                fuse_word_physical
 .text.fuse_read
                0x000000008781dc00       0x80 drivers/built-in.o
                0x000000008781dc00                fuse_read
 .text.fuse_sense
                0x000000008781dc80       0x94 drivers/built-in.o
                0x000000008781dc80                fuse_sense
 .text.fuse_prog
                0x000000008781dd14       0x88 drivers/built-in.o
                0x000000008781dd14                fuse_prog
 .text.fuse_override
                0x000000008781dd9c       0x78 drivers/built-in.o
                0x000000008781dd9c                fuse_override
 .text.video_drawchars
                0x000000008781de14      0x448 drivers/built-in.o
 .text.video_invertchar
                0x000000008781e25c       0x78 drivers/built-in.o
 .text.draw_bitmap
                0x000000008781e2d4       0xdc drivers/built-in.o
 .text.console_cursor.part.0
                0x000000008781e3b0       0x28 drivers/built-in.o
 .text.console_newline.constprop.3
                0x000000008781e3d8       0xe4 drivers/built-in.o
 .text.board_cfb_skip
                0x000000008781e4bc        0x8 drivers/built-in.o
                0x000000008781e4bc                board_cfb_skip
 .text.console_cursor
                0x000000008781e4c4       0xa4 drivers/built-in.o
                0x000000008781e4c4                console_cursor
 .text.video_putc
                0x000000008781e568      0x1a0 drivers/built-in.o
 .text.video_puts
                0x000000008781e708       0x7c drivers/built-in.o
 .text.video_set_lut
                0x000000008781e784        0x4 drivers/built-in.o
                0x000000008781e784                video_set_lut
 .text.display_rle8_bitmap
                0x000000008781e788      0x380 drivers/built-in.o
 .text.plot_logo_or_black
                0x000000008781eb08      0x290 drivers/built-in.o
 .text.do_clrlogo
                0x000000008781ed98       0x44 drivers/built-in.o
 .text.video_display_bitmap
                0x000000008781eddc      0x968 drivers/built-in.o
                0x000000008781eddc                video_display_bitmap
 .text.video_clear
                0x000000008781f744       0x54 drivers/built-in.o
                0x000000008781f744                video_clear
 .text.drv_video_init
                0x000000008781f798      0x40c drivers/built-in.o
                0x000000008781f798                drv_video_init
 .text.mxsfb_system_setup
                0x000000008781fba4        0x4 drivers/built-in.o
                0x000000008781fba4                mxsfb_system_setup
 .text.mxs_lcd_panel_setup
                0x000000008781fba8       0x78 drivers/built-in.o
                0x000000008781fba8                mxs_lcd_panel_setup
 .text.lcdif_power_down
                0x000000008781fc20       0x5c drivers/built-in.o
                0x000000008781fc20                lcdif_power_down
 .text.video_hw_init
                0x000000008781fc7c      0x374 drivers/built-in.o
                0x000000008781fc7c                video_hw_init
 .text.video_get_param_len.constprop.1
                0x000000008781fff0       0x20 drivers/built-in.o
 .text.video_get_params
                0x0000000087820010      0x4e8 drivers/built-in.o
                0x0000000087820010                video_get_params
 .text.reset_cpu
                0x00000000878204f8       0x48 drivers/built-in.o
                0x00000000878204f8                reset_cpu
 .text.thermal_get_temp
                0x0000000087820540       0x20 drivers/built-in.o
                0x0000000087820540                thermal_get_temp
 .text.read_cpu_temperature
                0x0000000087820560      0x144 drivers/built-in.o
 .text.imx_thermal_get_temp
                0x00000000878206a4       0x74 drivers/built-in.o
                0x00000000878206a4                imx_thermal_get_temp
 .text.imx_thermal_probe
                0x0000000087820718       0xc0 drivers/built-in.o
 .text.gpio_set_value
                0x00000000878207d8       0x48 drivers/gpio/built-in.o
                0x00000000878207d8                gpio_set_value
 .text.gpio_get_value
                0x0000000087820820       0x34 drivers/gpio/built-in.o
                0x0000000087820820                gpio_get_value
 .text.gpio_request
                0x0000000087820854       0x10 drivers/gpio/built-in.o
                0x0000000087820854                gpio_request
 .text.gpio_free
                0x0000000087820864        0x8 drivers/gpio/built-in.o
                0x0000000087820864                gpio_free
 .text.gpio_direction_input
                0x000000008782086c       0x3c drivers/gpio/built-in.o
                0x000000008782086c                gpio_direction_input
 .text.gpio_direction_output
                0x00000000878208a8       0x50 drivers/gpio/built-in.o
                0x00000000878208a8                gpio_direction_output
 .text.i2c_get_adapter
                0x00000000878208f8       0x60 drivers/i2c/built-in.o
                0x00000000878208f8                i2c_get_adapter
 .text.i2c_init_bus
                0x0000000087820958       0x90 drivers/i2c/built-in.o
 .text.i2c_get_bus_num
                0x00000000878209e8        0x8 drivers/i2c/built-in.o
                0x00000000878209e8                i2c_get_bus_num
 .text.i2c_set_bus_num
                0x00000000878209f0       0xb8 drivers/i2c/built-in.o
                0x00000000878209f0                i2c_set_bus_num
 .text.i2c_init_all
                0x0000000087820aa8       0x14 drivers/i2c/built-in.o
                0x0000000087820aa8                i2c_init_all
 .text.i2c_probe
                0x0000000087820abc       0x2c drivers/i2c/built-in.o
                0x0000000087820abc                i2c_probe
 .text.i2c_read
                0x0000000087820ae8       0x4c drivers/i2c/built-in.o
                0x0000000087820ae8                i2c_read
 .text.i2c_write
                0x0000000087820b34       0x4c drivers/i2c/built-in.o
                0x0000000087820b34                i2c_write
 .text.i2c_set_bus_speed
                0x0000000087820b80       0x64 drivers/i2c/built-in.o
                0x0000000087820b80                i2c_set_bus_speed
 .text.i2c_get_bus_speed
                0x0000000087820be4       0x14 drivers/i2c/built-in.o
                0x0000000087820be4                i2c_get_bus_speed
 .text.i2c_init
                0x0000000087820bf8       0x14 drivers/i2c/built-in.o
                0x0000000087820bf8                i2c_init
 .text.wait_for_sr_state
                0x0000000087820c0c      0x100 drivers/i2c/built-in.o
 .text.tx_byte  0x0000000087820d0c       0x50 drivers/i2c/built-in.o
 .text.bus_i2c_set_bus_speed
                0x0000000087820d5c       0xb4 drivers/i2c/built-in.o
 .text.mxc_i2c_set_bus_speed
                0x0000000087820e10       0x18 drivers/i2c/built-in.o
 .text.i2c_imx_stop
                0x0000000087820e28       0x50 drivers/i2c/built-in.o
 .text.__i2c_force_reset_slave
                0x0000000087820e78        0x4 drivers/i2c/built-in.o
                0x0000000087820e78                __i2c_force_reset_slave
                0x0000000087820e78                i2c_force_reset_slave
 .text.i2c_idle_bus
                0x0000000087820e7c       0x24 drivers/i2c/built-in.o
                0x0000000087820e7c                i2c_idle_bus
 .text.i2c_init_transfer